// Jest Snapshot v1, https://goo.gl/fbAQLP

exports[`components Footer should render container 1`] = `
<footer
  className="footer"
>
  <span
    className="todo-count"
  >
    <strong>
      No
    </strong>
     
    items
     left
  </span>
  <ul
    className="filters"
  >
    <li>
      <a
        className="selected"
        href="/all"
        onClick={[Function]}
        style={
          Object {
            "cursor": "pointer",
          }
        }
      >
        All
      </a>
    </li>
    <li>
      <a
        className=""
        href="/active"
        onClick={[Function]}
        style={
          Object {
            "cursor": "pointer",
          }
        }
      >
        Active
      </a>
    </li>
    <li>
      <a
        className=""
        href="/completed"
        onClick={[Function]}
        style={
          Object {
            "cursor": "pointer",
          }
        }
      >
        Completed
      </a>
    </li>
  </ul>
</footer>
`;
