// Jest Snapshot v1, https://goo.gl/fbAQLP

exports[`components TodoTextInput should render correctly 1`] = `
<input
  autoFocus="true"
  className=""
  onBlur={[Function]}
  onChange={[Function]}
  onKeyDown={[Function]}
  placeholder="What needs to be done?"
  type="text"
  value="Use Redux"
/>
`;
